[personas/index.html]
[favicon.ico]
[backblue.gif]
[fade.gif]
[index.html]
[personas/images/main-slider/slide-te-quiero-dsk.webp]
[personas/images/main-slider/slide-te-quiero-dsk@2x.webp]
[personas/images/main-slider/slide-inversiones-dsk.webp]
[personas/images/main-slider/slide-inversiones-dsk@2x.webp]
[personas/images/main-slider/slide-patagonia-simple-dsk.webp]
[personas/images/main-slider/slide-patagonia-simple-dsk@2x.webp]
[personas/images/main-slider/slide-referi-y-gana-dsk.webp]
[personas/images/main-slider/slide-referi-y-gana-dsk@2x.webp]
[personas/images/main-slider/slide-plazo-fijo-dsk.webp]
[personas/images/main-slider/slide-plazo-fijo-dsk@2x.webp]
[personas/images/main-slider/slide-pago-transporte-dsk.webp]
[personas/images/main-slider/slide-pago-transporte-dsk@2x.webp]
[personas/images/main-slider/slide-te-quiero-tbl.webp]
[personas/images/main-slider/slide-te-quiero-tbl@2x.webp]
[personas/images/main-slider/slide-inversiones-tbl.webp]
[personas/images/main-slider/slide-inversiones-tbl@2x.webp]
[personas/images/main-slider/slide-patagonia-simple-tbl.webp]
[personas/images/main-slider/slide-patagonia-simple-tbl@2x.webp]
[personas/images/main-slider/slide-referi-y-gana-tbl.webp]
[personas/images/main-slider/slide-referi-y-gana-tbl@2x.webp]
[personas/images/main-slider/slide-plazo-fijo-tbl.webp]
[personas/images/main-slider/slide-plazo-fijo-tbl@2x.webp]
[personas/images/main-slider/slide-pago-transporte-tbl.webp]
[personas/images/main-slider/slide-pago-transporte-tbl@2x.webp]
[personas/images/main-slider/slide-te-quiero-mbl.webp]
[personas/images/main-slider/slide-te-quiero-mbl@2x.webp]
[personas/images/main-slider/slide-inversiones-mbl.webp]
[personas/images/main-slider/slide-inversiones-mbl@2x.webp]
[personas/images/main-slider/slide-patagonia-simple-mbl.webp]
[personas/images/main-slider/slide-patagonia-simple-mbl@2x.webp]
[personas/images/main-slider/slide-referi-y-gana-mbl.webp]
[personas/images/main-slider/slide-referi-y-gana-mbl@2x.webp]
[personas/images/main-slider/slide-plazo-fijo-mbl.webp]
[personas/images/main-slider/slide-plazo-fijo-mbl@2x.webp]
[personas/images/main-slider/slide-pago-transporte-mbl.webp]
[personas/images/main-slider/slide-pago-transporte-mbl@2x.webp]
[ns5408.html]
[preguntas-frecuentes/index.html]
[nyps/index.html]
[pyme/index.html]
[agro/index.html]
[empresas/index.html]
[sector-publico/index.html]
[institucional/index.html]
[patagoniaon/index.html]
[personas/productos-y-servicios/patagonia-universitaria.html]
[personas/patagonia-clasica/paquete/productos.html]
[personas/patagonia-clasica/premium/productos.html]
[personas/patagonia-plus/productos.html]
[personas/patagonia-plus/premium/productos.html]
[personas/patagonia-singular/paquete/propuesta.html]
[personas/patagonia-singular/beneficios-exclusivos.html]
[personas/apple-pay.html]
[personas/productos-y-servicios/cajas-seguridad.html]
[personas/productos-y-servicios/comercio-exterior/productos.html]
[personas/cuotifica-al-toque.html]
[personas/google-pay.html]
[ahorrosybeneficios/index.html]
[personas/inversiones/index.html]
[personas/jubilados/index.html]
[personas/productos-y-servicios/patagonia-para-menores.html]
[personas/plan-sueldo/index.html]
[personas/patagonia-clasica/patagonia-ahorro/productos.html]
[personas/productos-y-servicios/prestamos.html]
[personas/seguros/index.html]
[personas/productos-y-servicios/tarjetas-de-credito/visa.html]
[personas/productos-y-servicios/tarjetas-de-debito/patagonia-24.html]
[nyps/patagonia-clasica/premium/productos.html]
[nyps/patagonia-clasica/patagonia-emprendimiento/productos.html]
[nyps/patagonia-plus/productos.html]
[nyps/patagonia-plus/premium/productos.html]
[nyps/patagonia-singular/paquete/propuesta.html]
[nyps/patagonia-singular/beneficios-exclusivos.html]
[nyps/productos-y-servicios/tarjetas-de-debito/patagonia-24.html]
[nyps/productos-y-servicios/tarjetas-de-credito/visa.html]
[nyps/productos-y-servicios/prestamos.html]
[nyps/seguros/index.html]
[nyps/productos-y-servicios/comercio-exterior/productos.html]
[nyps/productos-y-servicios/factura-electronica.html]
[nyps/productos-y-servicios/pagos-afip.html]
[nyps/productos-y-servicios/wapa.html]
[pyme/cuentas/pequenas-empresas.html]
[pyme/cuentas/medianas-empresas.html]
[pyme/cuentas/patagonia-consorcio.html]
[pyme/cuentas/cuenta-corriente.html]
[pyme/patagonia-sueldo/servicios.html]
[pyme/patagonia-sueldo/preguntas-frecuentes.html]
[pyme/patagonia-sueldo/guia-implementacion.html]
[pyme/comercio-exterior/solicitud-electronica.html]
[pyme/comercio-exterior/productos.html]
[pyme/comercio-exterior/otros-servicios.html]
[pyme/comercio-exterior/herramientas-para-exportar.html]
[pyme/comercio-exterior/marco-regulatorio/normas-y-regulaciones.html]
[pyme/financiacion/patagonia-leasing.html]
[pyme/financiacion/mercado-capitales.html]
[pyme/financiacion/alternativas-de-financiacion.html]
[pyme/seguros/protege-tus-bienes/integral-comercio.html]
[pyme/inversiones/plazo-fijo.html]
[pyme/inversiones/fondos-comunes-de-inversion.html]
[pyme/inversiones/fidecomisos-financieros.html]
[pyme/oficina-virtual-cobranzas.html]
[pyme/servicios/recaudaciones.html]
[pyme/servicios/pagos.html]
[pyme/servicios/tarjetas-comerciales.html]
[pyme/servicios/comercios-patagonia.html]
[pyme/servicios/pago-de-servicios.html]
[pyme/servicios/interbanking.html]
[pyme/servicios/interfacturas.html]
[pyme/servicios/pagos-afip.html]
[pyme/servicios/wapa.html]
[agro/convenios/acuerdos-y-beneficios.html]
[agro/financiacion/maquinaria-agricola.html]
[agro/seguros/campo.html]
[agro/tarjeta-patagonia-agro/para-usuarios.html]
[agro/tarjeta-patagonia-agro/para-comercios.html]
[agro/tarjeta-patagonia-agro/acuerdo-tasa-0.html]
[agro/cuenta-agro/cuenta-agro.html]
[agro/insumos/index.html]
[empresas/financiacion/convenios-de-financiacion.html]
[agro/inversiones/fondos-comunes-de-inversion.html]
[agro/inversiones/fidecomisos-financieros.html]
[agro/inversiones/plazos-fijos.html]
[agro/comercio-exterior/solicitud-electronica.html]
[agro/comercio-exterior/productos.html]
[agro/comercio-exterior/otros-servicios.html]
[agro/comercio-exterior/herramientas-para-exportar.html]
[agro/comercio-exterior/marco-regulatorio/normas-y-regulaciones.html]
[empresas/patagonia-sueldo/servicios.html]
[empresas/patagonia-sueldo/preguntas-frecuentes.html]
[empresas/patagonia-sueldo/guia-implementacion.html]
[empresas/comercio-exterior/solicitud-electronica.html]
[empresas/comercio-exterior/productos.html]
[empresas/comercio-exterior/otros-servicios.html]
[empresas/comercio-exterior/herramientas-para-exportar.html]
[empresas/comercio-exterior/marco-regulatorio/normas-y-regulaciones.html]
[empresas/financiacion/patagonia-leasing.html]
[empresas/financiacion/mercado-capitales.html]
[empresas/financiacion/alternativas-de-financiacion.html]
[empresas/inversiones/plazos-fijos.html]
[empresas/inversiones/fondos-comunes-de-inversion.html]
[empresas/inversiones/compra-venta-titulos-acciones.html]
[empresas/inversiones/custodia-de-titulos.html]
[empresas/inversiones/fidecomisos-financieros.html]
[empresas/oficina-virtual-cobranzas.html]
[empresas/patagonia-movil-empresas.html]
[empresas/servicios/pagos.html]
[empresas/servicios/recaudaciones.html]
[empresas/servicios/pago-de-servicios.html]
[empresas/servicios/interbanking.html]
[empresas/servicios/interfacturas.html]
[empresas/servicios/tarjetas-comerciales.html]
[empresas/servicios/centro-atencion-empresas.html]
[sector-publico/inversiones/fondos-comunes-de-inversion.html]
[sector-publico/inversiones/plazo-fijo.html]
[sector-publico/oficina-virtual-cobranzas.html]
[sector-publico/servicios/servicio-de-recaudacion.html]
[sector-publico/servicios/servicio-de-pagos.html]
[sector-publico/servicios/servicios-para-personal.html]
[sector-publico/servicios/financiacion.html]
[sector-publico/servicios/otros-servicios.html]
[sector-publico/programa-universidades/relacion-institucional.html]
[sector-publico/programa-universidades/docentes-yno-docentes.html]
[sector-publico/programa-universidades/alumnos.html]
[sector-publico/programa-universidades/graduados.html]
[sector-publico/rio-negro/presencia.html]
[sector-publico/rio-negro/propuesta-valor.html]
[institucional/banco-patagonia/historia.html]
[institucional/banco-patagonia/mercado-de-capitales.html]
[institucional/banco-patagonia/patagonia-inversora.html]
[institucional/banco-patagonia/patagonia-valores-sa.html]
[relacion-con-inversores/es/institucional.html]
[institucional/banco-patagonia/desarrollo-humano.html]
[institucional/banco-patagonia/sustentabilidad.html]
[institucional/banco-patagonia/politicas-aml-cft.html]
[institucional/banco-patagonia/disciplina-del-mercado.html]
[institucional/banco-patagonia/asistencia-a-vinculados.html]
[institucional/banco-patagonia/etica-e-integridad.html]
[institucional/organizacion/accionistas.html]
[institucional/organizacion/autoridades.html]
[institucional/organizacion/comites.html]
[institucional/organizacion/sector-financiero.html]
[assets/images/layout/icon-app.jpg]
[personas/prestamos/patagonia-simple.html]
[personas/referi-y-gana.html]
[personas/inversiones/plazo-fijo.html]
[pagos-nfc.html]
[nyps/patagonia-mix/index.html]
[personas/images/h-destacado/dest-patagonia-mix-2.webp]
[personas/images/h-destacado/dest-plan-sueldo-2.webp]
[personas/images/h-destacado/dest-jubilados-2.webp]
[personas/images/h-destacado/dest-beneficios-2.webp]
[personas/images/h-destacado/dest-club-patagonia-2.webp]
[personas/prestamos/index.html]
[personas/images/h-destacado/dest-prestamos-2.webp]
[ebank/personas/seguridad/index.html]
[personas/images/h-destacado/banner-ciberseguridad-dsk.webp]
[index-2.html]
[personas/images/h-destacado/banner-ciberseguridad-tbl.webp]
[personas/images/h-destacado/banner-ciberseguridad-mbl.webp]
[personas/images/h-destacado/dest-xl-singular.webp]
[personas/images/h-destacado/dest-xl-patagonia-on.webp]
[personas/nueva-operatoria-sucursales.html]
[personas/precios-productos-individuales.html]
[personas/cuentas/regularizacion-activos.html]
[personas/cuentas/cuenta-gratuita-universal.html]
[personas/jubilaciones-italianas.html]
[personas/agentes-de-cobranza-extrajudicial.html]
[personas/informacion-al-usuario-financiero.html]
[watchd591.html]
[personas/images/usuarios-financieros.png]
[personas/alta-productos-personas-humanas.html]
[personas/boton-de-arrepentimiento.html]
[lib/js/mdetect.js]
[jobs.html]
[store/apps/detailsd77a.html]
[registro-nacional-base-datos.html]
[ar/app/patagonia-móvil/id1178757002.html]
[codigo-practicas-bancarias.html]
[defensa-ley-consumidor.html]
[persona-expuesta-politicamente.html]
[consumidores.html]
[agencia-acceso-informacion-publica.html]
[cnv-advertencia-publico-inversor.html]
[docs/Idoneos.pdf]
[codigo-proteccion-inversor.html]
[clausulas-legales.html]
[resolucion-022021.html]
[banco_patagonia/index.html]
[user/bancopatagonia.html]
[empresas/patagonia-ebank-empresas-mbl.html]
[assets/js/jquery-3.5.1.min.js]
[assets/bootstrap/js/bootstrap.min.js]
[assets/js/slick/slick.min.js]
[assets/js/fancybox/jquery.fancybox.min.js]
[assets/js/mtabs/jquery.bootstrap-responsive-tabs.min.js]
[assets/js/funciones.js]
[analytics.js]
[gtag/jsb107]
[js/padi.js]
[event/taylor-swift-the-eras-tour.html]
[personas/index.html]
[landing46a6.html]
[ns5408.html]
[indexe0b0.html]
[preguntas-frecuentes/index.html]
[nyps/index.html]
[pyme/index.html]
[agro/index.html]
[empresas/index.html]
[sector-publico/index.html]
[institucional/index.html]
[eBanking/usuarios/login.html]
[patagoniaon/index.html]
[personas/productos-y-servicios/patagonia-universitaria.html]
[personas/patagonia-clasica/paquete/productos.html]
[personas/patagonia-clasica/premium/productos.html]
[personas/patagonia-plus/productos.html]
[personas/patagonia-plus/premium/productos.html]
[personas/patagonia-singular/paquete/propuesta.html]
[personas/patagonia-singular/beneficios-exclusivos.html]
[ahorrosybeneficios/index.html]
[personas/apple-pay.html]
[personas/productos-y-servicios/cajas-seguridad.html]
[personas/productos-y-servicios/comercio-exterior/productos.html]
[personas/cuotifica-al-toque.html]
[personas/google-pay.html]
[personas/inversiones/index.html]
[personas/jubilados/index.html]
[personas/productos-y-servicios/patagonia-para-menores.html]
[personas/plan-sueldo/index.html]
[personas/patagonia-clasica/patagonia-ahorro/productos.html]
[personas/productos-y-servicios/prestamos.html]
[personas/seguros/index.html]
[personas/productos-y-servicios/tarjetas-de-credito/visa.html]
[personas/productos-y-servicios/tarjetas-de-debito/patagonia-24.html]
[nyps/patagonia-clasica/premium/productos.html]
[nyps/patagonia-clasica/patagonia-emprendimiento/productos.html]
[nyps/patagonia-plus/productos.html]
[nyps/patagonia-plus/premium/productos.html]
[nyps/patagonia-singular/paquete/propuesta.html]
[nyps/patagonia-singular/beneficios-exclusivos.html]
[nyps/productos-y-servicios/tarjetas-de-debito/patagonia-24.html]
[nyps/productos-y-servicios/tarjetas-de-credito/visa.html]
[nyps/productos-y-servicios/prestamos.html]
[nyps/seguros/index.html]
[nyps/productos-y-servicios/comercio-exterior/productos.html]
[nyps/productos-y-servicios/factura-electronica.html]
[nyps/productos-y-servicios/pagos-afip.html]
[nyps/productos-y-servicios/wapa.html]
[pyme/cuentas/pequenas-empresas.html]
[pyme/cuentas/medianas-empresas.html]
[pyme/cuentas/patagonia-consorcio.html]
[pyme/cuentas/cuenta-corriente.html]
[pyme/patagonia-sueldo/servicios.html]
[pyme/patagonia-sueldo/preguntas-frecuentes.html]
[pyme/patagonia-sueldo/guia-implementacion.html]
[pyme/comercio-exterior/solicitud-electronica.html]
[pyme/comercio-exterior/productos.html]
[pyme/comercio-exterior/otros-servicios.html]
[pyme/comercio-exterior/herramientas-para-exportar.html]
[pyme/comercio-exterior/marco-regulatorio/normas-y-regulaciones.html]
[pyme/financiacion/patagonia-leasing.html]
[pyme/financiacion/mercado-capitales.html]
[pyme/financiacion/alternativas-de-financiacion.html]
[pyme/seguros/protege-tus-bienes/integral-comercio.html]
[pyme/inversiones/plazo-fijo.html]
[pyme/inversiones/fondos-comunes-de-inversion.html]
[pyme/inversiones/fidecomisos-financieros.html]
[pyme/oficina-virtual-cobranzas.html]
[pyme/servicios/recaudaciones.html]
[pyme/servicios/pagos.html]
[pyme/servicios/tarjetas-comerciales.html]
[pyme/servicios/comercios-patagonia.html]
[pyme/servicios/pago-de-servicios.html]
[pyme/servicios/interbanking.html]
[pyme/servicios/interfacturas.html]
[pyme/servicios/pagos-afip.html]
[pyme/servicios/wapa.html]
[agro/convenios/acuerdos-y-beneficios.html]
[agro/financiacion/maquinaria-agricola.html]
[agro/seguros/campo.html]
[agro/tarjeta-patagonia-agro/para-usuarios.html]
[agro/tarjeta-patagonia-agro/para-comercios.html]
[agro/tarjeta-patagonia-agro/acuerdo-tasa-0.html]
[agro/cuenta-agro/cuenta-agro.html]
[agro/insumos/index.html]
[empresas/financiacion/convenios-de-financiacion.html]
[agro/inversiones/fondos-comunes-de-inversion.html]
[agro/inversiones/fidecomisos-financieros.html]
[agro/inversiones/plazos-fijos.html]
[agro/comercio-exterior/solicitud-electronica.html]
[agro/comercio-exterior/productos.html]
[agro/comercio-exterior/otros-servicios.html]
[agro/comercio-exterior/herramientas-para-exportar.html]
[agro/comercio-exterior/marco-regulatorio/normas-y-regulaciones.html]
[empresas/patagonia-sueldo/servicios.html]
[empresas/patagonia-sueldo/preguntas-frecuentes.html]
[empresas/patagonia-sueldo/guia-implementacion.html]
[empresas/comercio-exterior/solicitud-electronica.html]
[empresas/comercio-exterior/productos.html]
[empresas/comercio-exterior/otros-servicios.html]
[empresas/comercio-exterior/herramientas-para-exportar.html]
[empresas/comercio-exterior/marco-regulatorio/normas-y-regulaciones.html]
[empresas/financiacion/patagonia-leasing.html]
[empresas/financiacion/mercado-capitales.html]
[empresas/financiacion/alternativas-de-financiacion.html]
[empresas/inversiones/plazos-fijos.html]
[empresas/inversiones/fondos-comunes-de-inversion.html]
[empresas/inversiones/compra-venta-titulos-acciones.html]
[empresas/inversiones/custodia-de-titulos.html]
[empresas/inversiones/fidecomisos-financieros.html]
[empresas/oficina-virtual-cobranzas.html]
[empresas/patagonia-movil-empresas.html]
[empresas/servicios/pagos.html]
[empresas/servicios/recaudaciones.html]
[empresas/servicios/pago-de-servicios.html]
[empresas/servicios/interbanking.html]
[empresas/servicios/interfacturas.html]
[empresas/servicios/tarjetas-comerciales.html]
[empresas/servicios/centro-atencion-empresas.html]
[sector-publico/inversiones/fondos-comunes-de-inversion.html]
[sector-publico/inversiones/plazo-fijo.html]
[sector-publico/oficina-virtual-cobranzas.html]
[sector-publico/servicios/servicio-de-recaudacion.html]
[sector-publico/servicios/servicio-de-pagos.html]
[sector-publico/servicios/servicios-para-personal.html]
[sector-publico/servicios/financiacion.html]
[sector-publico/servicios/otros-servicios.html]
[sector-publico/programa-universidades/relacion-institucional.html]
[sector-publico/programa-universidades/docentes-yno-docentes.html]
[sector-publico/programa-universidades/alumnos.html]
[sector-publico/programa-universidades/graduados.html]
[sector-publico/rio-negro/presencia.html]
[sector-publico/rio-negro/propuesta-valor.html]
[institucional/banco-patagonia/historia.html]
[institucional/banco-patagonia/mercado-de-capitales.html]
[institucional/banco-patagonia/patagonia-inversora.html]
[institucional/banco-patagonia/patagonia-valores-sa.html]
[relacion-con-inversores/es/institucional.html]
[institucional/banco-patagonia/desarrollo-humano.html]
[institucional/banco-patagonia/sustentabilidad.html]
[institucional/banco-patagonia/politicas-aml-cft.html]
[institucional/banco-patagonia/disciplina-del-mercado.html]
[institucional/banco-patagonia/asistencia-a-vinculados.html]
[institucional/banco-patagonia/etica-e-integridad.html]
[institucional/organizacion/accionistas.html]
[institucional/organizacion/autoridades.html]
[institucional/organizacion/comites.html]
[institucional/organizacion/sector-financiero.html]
[watchd591.html]
[personas/prestamos/patagonia-simple.html]
[personas/referi-y-gana.html]
[personas/inversiones/plazo-fijo.html]
[pagos-nfc.html]
[nyps/patagonia-mix/index.html]
[index-2.html]
[personas/prestamos/index.html]
[ebank/personas/seguridad/index.html]
[personas/nueva-operatoria-sucursales.html]
[personas/precios-productos-individuales.html]
[personas/cuentas/regularizacion-activos.html]
[personas/cuentas/cuenta-gratuita-universal.html]
[personas/jubilaciones-italianas.html]
[personas/agentes-de-cobranza-extrajudicial.html]
[personas/informacion-al-usuario-financiero.html]
[BCRAyVos/Comparacion_de_Comisiones.html]
[BCRAyVos/Usuarios_Financieros.html]
[personas/alta-productos-personas-humanas.html]
[personas/boton-de-arrepentimiento.html]
[jobs.html]
[store/apps/detailsd77a.html]
[ar/app/patagonia-móvil/id1178757002.html]
[registro-nacional-base-datos.html]
[codigo-practicas-bancarias.html]
[defensa-ley-consumidor.html]
[consumidores.html]
[persona-expuesta-politicamente.html]
[agencia-acceso-informacion-publica.html]
[cnv-advertencia-publico-inversor.html]
[codigo-proteccion-inversor.html]
[clausulas-legales.html]
[resolucion-022021.html]
[banco_patagonia/index.html]
[user/bancopatagonia.html]
[empresas/patagonia-ebank-empresas-mbl.html]
[event/taylor-swift-the-eras-tour.html]
[landing46a6.html]
[BancoPatagonia/index.html]
[banco_patagonia]
[sucursales.html]
[gtm5445.html]
[assets/fonts/font-awesome-4.7.0/css/font-awesome.min.css]
[assets/bootstrap/css/bootstrap.min.css]
[assets/js/mtabs/bootstrap-responsive-tabs.css]
[assets/js/slick/slick.css]
[assets/js/fancybox/jquery.fancybox.min.css]
[assets/css/styles.css]
[assets/css/padi.css]
[personas/images/main-slider/slide-inversiones-dsk.webp]
[personas/images/main-slider/slide-referi-y-gana-dsk.webp]
[empresas/images/logo-patagonia-movil.svg]
[personas/images/main-slider/slide-pago-transporte-mbl.webp]
[assets/images/layout/icon-facebook.svg]
[assets/images/layout/icon-twitter.svg]
[assets/images/layout/icon-instagram.svg]
[assets/images/layout/icon-youtube.svg]
[assets/images/layout/logo.svg]
